#-----------------------------------------------------------
# Vivado v2023.2 (64-bit)
# SW Build 4029153 on Fri Oct 13 20:13:54 MDT 2023
# IP Build 4028589 on Sat Oct 14 00:45:43 MDT 2023
# SharedData Build 4025554 on Tue Oct 10 17:18:54 MDT 2023
# Start of session at: Mon Jul  1 02:22:29 2024
# Process ID: 2548
# Current directory: /home/thh/RISCVConsole/software/RISCVConsoleCode
# Command line: vivado
# Log file: /home/thh/RISCVConsole/software/RISCVConsoleCode/vivado.log
# Journal file: /home/thh/RISCVConsole/software/RISCVConsoleCode/vivado.jou
# Running On: ubuntu, OS: Linux, CPU Frequency: 2496.003 MHz, CPU Physical cores: 6, Host memory: 12501 MB
#-----------------------------------------------------------
start_gui
open_hw_manager
connect_hw_server -allow_non_jtag
open_hw_target
current_hw_device [get_hw_devices xc7a100t_0]
refresh_hw_device -update_hw_probes false [lindex [get_hw_devices xc7a100t_0] 0]
set_property PROBES.FILE {} [get_hw_devices xc7a100t_0]
set_property FULL_PROBES.FILE {} [get_hw_devices xc7a100t_0]
set_property PROGRAM.FILE {/home/thh/RISCVConsole/fpga/ArtyA7100T/generated-src/riscvconsole.fpga.ArtyA7Top.ArtyA7Config/obj/ArtyA7Top.bit} [get_hw_devices xc7a100t_0]
program_hw_devices [get_hw_devices xc7a100t_0]
refresh_hw_device [lindex [get_hw_devices xc7a100t_0] 0]
set_property PROBES.FILE {} [get_hw_devices xc7a100t_0]
set_property FULL_PROBES.FILE {} [get_hw_devices xc7a100t_0]
set_property PROGRAM.FILE {/home/thh/RISCVConsole/fpga/ArtyA7100T/generated-src/riscvconsole.fpga.ArtyA7Top.ArtyA7Config/obj/ArtyA7Top.bit} [get_hw_devices xc7a100t_0]
program_hw_devices [get_hw_devices xc7a100t_0]
refresh_hw_device [lindex [get_hw_devices xc7a100t_0] 0]
set_property PROBES.FILE {} [get_hw_devices xc7a100t_0]
set_property FULL_PROBES.FILE {} [get_hw_devices xc7a100t_0]
set_property PROGRAM.FILE {/home/thh/RISCVConsole/fpga/ArtyA7100T/generated-src/riscvconsole.fpga.ArtyA7Top.ArtyA7Config/obj/ArtyA7Top.bit} [get_hw_devices xc7a100t_0]
program_hw_devices [get_hw_devices xc7a100t_0]
refresh_hw_device [lindex [get_hw_devices xc7a100t_0] 0]
set_property PROBES.FILE {} [get_hw_devices xc7a100t_0]
set_property FULL_PROBES.FILE {} [get_hw_devices xc7a100t_0]
set_property PROGRAM.FILE {/home/thh/RISCVConsole/fpga/ArtyA7100T/generated-src/riscvconsole.fpga.ArtyA7Top.ArtyA7Config/obj/ArtyA7Top.bit} [get_hw_devices xc7a100t_0]
program_hw_devices [get_hw_devices xc7a100t_0]
refresh_hw_device [lindex [get_hw_devices xc7a100t_0] 0]
disconnect_hw_server localhost:3121
